// Jest Snapshot v1, https://goo.gl/fbAQLP

exports[`Storyshots MaterialButton Button 1`] = `
<div>
  <button
    className="MuiButtonBase-root MuiButton-root MuiButton-contained MuiButton-containedPrimary"
    disabled={false}
    onBlur={[Function]}
    onDragLeave={[Function]}
    onFocus={[Function]}
    onKeyDown={[Function]}
    onKeyUp={[Function]}
    onMouseDown={[Function]}
    onMouseLeave={[Function]}
    onMouseUp={[Function]}
    onTouchEnd={[Function]}
    onTouchMove={[Function]}
    onTouchStart={[Function]}
    tabIndex={0}
    type="button"
  >
    <span
      className="MuiButton-label"
    >
      Button
    </span>
  </button>
</div>
`;

exports[`Storyshots StyledButton Button 1`] = `
<button
  className="sc-AxjAm gxygnu"
>
  Button
</button>
`;
